================================================================
== Design Size Report
================================================================

* C-Synthesis has not completed, compilation phases remaining:
    * Unroll/Inline
    * Performance/Pipeline
    * Optimizations

* Instructions per Function for each Compilation Phase
+-----------------+-------------+-----------------+
| Function        | Location    | Compile/Link    |
+-----------------+-------------+-----------------+
| + RNI           | RNI.cpp:15  | 9,853           |
|    input_layer  | RNI.cpp:70  | 1,157           |
|    inner_layer  | RNI.cpp:90  | 6,164 (4 calls) |
|    output_layer | RNI.cpp:115 | 1,619           |
+-----------------+-------------+-----------------+

* Description of Compilation Phases
+----------------------+------------------------------------------------------------+
| Compilation Phase    | Description                                                |
+----------------------+------------------------------------------------------------+
| Compile/Link         | All functions are compiled and linked into a single design |
| Unroll/Inline        | After user unroll and inline pragmas are applied           |
| Performance/Pipeline | After performance and pipeline pragmas are applied         |
| Optimizations        | After high level synthesis optimizations                   |
+----------------------+------------------------------------------------------------+

* Design Size Message Settings
+---------------------------------------------+--------+------------------------------------------------------------------+
| Message Setting                             | Value  | Description                                                      |
+---------------------------------------------+--------+------------------------------------------------------------------+
| config_compile -design_size_maximum_warning | 100000 | Show a warning when total design instructions exceeds this value |
+---------------------------------------------+--------+------------------------------------------------------------------+


