

================================================================
== Vitis HLS Report for 'exp_core_32_32_66_s'
================================================================
* Date:           Tue Oct 29 15:19:19 2024

* Version:        2023.1.1 (Build 3869133 on Jun 15 2023)
* Project:        RNI
* Solution:       solution1 (Vivado IP Flow Target)
* Product family: zynq
* Target device:  xc7z020-clg400-1


================================================================
== Performance Estimates
================================================================
+ Timing: 
    * Summary: 
    +--------+----------+----------+------------+
    |  Clock |  Target  | Estimated| Uncertainty|
    +--------+----------+----------+------------+
    |ap_clk  |  10.00 ns|  7.215 ns|     2.70 ns|
    +--------+----------+----------+------------+

+ Latency: 
    * Summary: 
    +---------+---------+----------+----------+-----+-----+---------+
    |  Latency (cycles) |  Latency (absolute) |  Interval | Pipeline|
    |   min   |   max   |    min   |    max   | min | max |   Type  |
    +---------+---------+----------+----------+-----+-----+---------+
    |       23|       23|  0.230 us|  0.230 us|    1|    1|      yes|
    +---------+---------+----------+----------+-----+-----+---------+

    + Detail: 
        * Instance: 
        N/A

        * Loop: 
        N/A



================================================================
== Utilization Estimates
================================================================
* Summary: 
+-----------------+---------+-----+--------+-------+-----+
|       Name      | BRAM_18K| DSP |   FF   |  LUT  | URAM|
+-----------------+---------+-----+--------+-------+-----+
|DSP              |        -|    -|       -|      -|    -|
|Expression       |        -|    -|       0|    646|    -|
|FIFO             |        -|    -|       -|      -|    -|
|Instance         |        -|   44|    1408|    713|    -|
|Memory           |        8|    -|       0|      0|    -|
|Multiplexer      |        -|    -|       -|      -|    -|
|Register         |        -|    -|    1586|    416|    -|
+-----------------+---------+-----+--------+-------+-----+
|Total            |        8|   44|    2994|   1775|    0|
+-----------------+---------+-----+--------+-------+-----+
|Available        |      280|  220|  106400|  53200|    0|
+-----------------+---------+-----+--------+-------+-----+
|Utilization (%)  |        2|   20|       2|      3|    0|
+-----------------+---------+-----+--------+-------+-----+

+ Detail: 
    * Instance: 
    +--------------------------+-----------------------+---------+----+-----+-----+-----+
    |         Instance         |         Module        | BRAM_18K| DSP|  FF | LUT | URAM|
    +--------------------------+-----------------------+---------+----+-----+-----+-----+
    |mul_25ns_8ns_33_1_1_U5    |mul_25ns_8ns_33_1_1    |        0|   1|    0|   47|    0|
    |mul_32ns_8ns_40_2_1_U1    |mul_32ns_8ns_40_2_1    |        0|   2|  165|   50|    0|
    |mul_51ns_50ns_101_5_1_U2  |mul_51ns_50ns_101_5_1  |        0|   9|  361|  104|    0|
    |mul_67ns_63ns_130_5_1_U3  |mul_67ns_63ns_130_5_1  |        0|  16|  441|  256|    0|
    |mul_72ns_68ns_140_5_1_U4  |mul_72ns_68ns_140_5_1  |        0|  16|  441|  256|    0|
    +--------------------------+-----------------------+---------+----+-----+-----+-----+
    |Total                     |                       |        0|  44| 1408|  713|    0|
    +--------------------------+-----------------------+---------+----+-----+-----+-----+

    * DSP: 
    N/A

    * Memory: 
    +---------------------+---------------------------------------------------+---------+---+----+-----+------+-----+------+-------------+
    |        Memory       |                       Module                      | BRAM_18K| FF| LUT| URAM| Words| Bits| Banks| W*Bits*Banks|
    +---------------------+---------------------------------------------------+---------+---+----+-----+------+-----+------+-------------+
    |exp_x_msb_1_table_U  |exp_core_32_32_66_s_exp_x_msb_1_table_ROM_AUTO_1R  |        2|  0|   0|    0|   256|   68|     1|        17408|
    |f_x_msb_2_table_U    |exp_core_32_32_66_s_f_x_msb_2_table_ROM_AUTO_1R    |        2|  0|   0|    0|   256|   64|     1|        16384|
    |f_x_msb_3_table_U    |exp_core_32_32_66_s_f_x_msb_3_table_ROM_AUTO_1R    |        2|  0|   0|    0|   256|   51|     1|        13056|
    |f_x_msb_4_table_U    |exp_core_32_32_66_s_f_x_msb_4_table_ROM_AUTO_1R    |        1|  0|   0|    0|   256|   32|     1|         8192|
    |f_x_msb_5_table_U    |exp_core_32_32_66_s_f_x_msb_5_table_ROM_AUTO_1R    |        1|  0|   0|    0|   256|   16|     1|         4096|
    +---------------------+---------------------------------------------------+---------+---+----+-----+------+-----+------+-------------+
    |Total                |                                                   |        8|  0|   0|    0|  1280|  231|     5|        59136|
    +---------------------+---------------------------------------------------+---------+---+----+-----+------+-----+------+-------------+

    * FIFO: 
    N/A

    * Expression: 
    +--------------------------------------+----------+----+---+----+------------+------------+
    |             Variable Name            | Operation| DSP| FF| LUT| Bitwidth P0| Bitwidth P1|
    +--------------------------------------+----------+----+---+----+------------+------------+
    |add_ln1632_fu_605_p2                  |         +|   0|  0|  70|          63|          32|
    |add_ln1923_fu_439_p2                  |         +|   0|  0|  63|          63|          63|
    |add_ln2002_fu_537_p2                  |         +|   0|  0|  71|          64|          64|
    |exp_x_msb_2_3_4_5_lsb_m_1_fu_547_p2   |         +|   0|  0|  79|          72|          72|
    |exp_x_msb_2_m_1_h_fu_468_p2           |         +|   0|  0|  14|           9|           9|
    |exp_x_msb_3_4_5_lsb_m_1_fu_445_p2     |         +|   0|  0|  63|          63|          63|
    |exp_x_msb_4_5_lsb_m_1_m3_1_fu_332_p2  |         +|   0|  0|  24|          17|          17|
    |exp_x_msb_4_5_lsb_m_1_m4_fu_342_p2    |         +|   0|  0|  32|          25|          25|
    |exp_x_msb_4_5_lsb_m_1_m5_1_fu_354_p2  |         +|   0|  0|  40|          33|          33|
    |y_1_fu_599_p2                         |         +|   0|  0|  72|          65|          32|
    |y_l_fu_571_p2                         |         +|   0|  0|  75|          68|          68|
    |overf_fu_631_p2                       |      icmp|   0|  0|  10|           2|           1|
    |ap_return                             |    select|   0|  0|  31|           1|           2|
    |ap_enable_pp0                         |       xor|   0|  0|   2|           1|           2|
    +--------------------------------------+----------+----+---+----+------------+------------+
    |Total                                 |          |   0|  0| 646|         546|         483|
    +--------------------------------------+----------+----+---+----+------------+------------+

    * Multiplexer: 
    N/A

    * Register: 
    +------------------------------------+----+----+-----+-----------+
    |                Name                | FF | LUT| Bits| Const Bits|
    +------------------------------------+----+----+-----+-----------+
    |ap_CS_fsm                           |   1|   0|    1|          0|
    |ap_enable_reg_pp0_iter1             |   1|   0|    1|          0|
    |ap_enable_reg_pp0_iter10            |   1|   0|    1|          0|
    |ap_enable_reg_pp0_iter11            |   1|   0|    1|          0|
    |ap_enable_reg_pp0_iter12            |   1|   0|    1|          0|
    |ap_enable_reg_pp0_iter13            |   1|   0|    1|          0|
    |ap_enable_reg_pp0_iter14            |   1|   0|    1|          0|
    |ap_enable_reg_pp0_iter15            |   1|   0|    1|          0|
    |ap_enable_reg_pp0_iter16            |   1|   0|    1|          0|
    |ap_enable_reg_pp0_iter17            |   1|   0|    1|          0|
    |ap_enable_reg_pp0_iter18            |   1|   0|    1|          0|
    |ap_enable_reg_pp0_iter19            |   1|   0|    1|          0|
    |ap_enable_reg_pp0_iter2             |   1|   0|    1|          0|
    |ap_enable_reg_pp0_iter20            |   1|   0|    1|          0|
    |ap_enable_reg_pp0_iter21            |   1|   0|    1|          0|
    |ap_enable_reg_pp0_iter22            |   1|   0|    1|          0|
    |ap_enable_reg_pp0_iter23            |   1|   0|    1|          0|
    |ap_enable_reg_pp0_iter3             |   1|   0|    1|          0|
    |ap_enable_reg_pp0_iter4             |   1|   0|    1|          0|
    |ap_enable_reg_pp0_iter5             |   1|   0|    1|          0|
    |ap_enable_reg_pp0_iter6             |   1|   0|    1|          0|
    |ap_enable_reg_pp0_iter7             |   1|   0|    1|          0|
    |ap_enable_reg_pp0_iter8             |   1|   0|    1|          0|
    |ap_enable_reg_pp0_iter9             |   1|   0|    1|          0|
    |exp_x_msb_1_reg_804                 |  68|   0|   68|          0|
    |exp_x_msb_2_3_4_5_lsb_m_1_reg_799   |  72|   0|   72|          0|
    |exp_x_msb_2_m_1_h_reg_767           |   9|   0|    9|          0|
    |exp_x_msb_3_4_5_lsb_m_1_reg_761     |  63|   0|   63|          0|
    |exp_x_msb_4_5_lsb_m_1_m5_1_reg_725  |  33|   0|   33|          0|
    |f_x_msb_3_reg_731                   |  51|   0|   51|          0|
    |f_x_msb_4_reg_684                   |  32|   0|   32|          0|
    |f_x_msb_5_reg_705                   |  16|   0|   16|          0|
    |tmp_1_reg_643                       |   3|   0|    3|          0|
    |tmp_3_reg_736                       |  39|   0|   39|          0|
    |tmp_4_reg_825                       |   2|   0|    2|          0|
    |tmp_8_reg_830                       |  31|   0|   31|          0|
    |tmp_reg_751                         |  44|   0|   44|          0|
    |trunc_ln1842_reg_678                |  16|   0|   16|          0|
    |trunc_ln1998_reg_773                |  58|   0|   58|          0|
    |trunc_ln1_reg_715                   |  25|   0|   25|          0|
    |trunc_ln2_reg_789                   |  62|   0|   62|          0|
    |trunc_ln_reg_710                    |   6|   0|    6|          0|
    |x_msb_ind_2_reg_648                 |   8|   0|    8|          0|
    |x_msb_ind_3_reg_654                 |   8|   0|    8|          0|
    |x_msb_ind_4_reg_661                 |   8|   0|    8|          0|
    |x_msb_ind_5_reg_666                 |   8|   0|    8|          0|
    |y_lo_s_reg_820                      |  68|   0|   68|          0|
    |exp_x_msb_1_reg_804                 |  64|  32|   68|          0|
    |exp_x_msb_2_m_1_h_reg_767           |  64|  32|    9|          0|
    |exp_x_msb_3_4_5_lsb_m_1_reg_761     |  64|  32|   63|          0|
    |exp_x_msb_4_5_lsb_m_1_m5_1_reg_725  |  64|  32|   33|          0|
    |f_x_msb_3_reg_731                   |  64|  32|   51|          0|
    |f_x_msb_4_reg_684                   |  64|  32|   32|          0|
    |tmp_1_reg_643                       |  64|  32|    3|          0|
    |trunc_ln1842_reg_678                |  64|  32|   16|          0|
    |trunc_ln1998_reg_773                |  64|  32|   58|          0|
    |x_msb_ind_2_reg_648                 |  64|  32|    8|          0|
    |x_msb_ind_3_reg_654                 |  64|  32|    8|          0|
    |x_msb_ind_4_reg_661                 |  64|  32|    8|          0|
    |x_msb_ind_5_reg_666                 |  64|  32|    8|          0|
    +------------------------------------+----+----+-----+-----------+
    |Total                               |1586| 416| 1119|          0|
    +------------------------------------+----+----+-----+-----------+



================================================================
== Interface
================================================================
* Summary: 
+-----------+-----+-----+------------+----------------------+--------------+
| RTL Ports | Dir | Bits|  Protocol  |     Source Object    |    C Type    |
+-----------+-----+-----+------------+----------------------+--------------+
|ap_clk     |   in|    1|  ap_ctrl_hs|  exp_core<32, 32, 66>|  return value|
|ap_rst     |   in|    1|  ap_ctrl_hs|  exp_core<32, 32, 66>|  return value|
|ap_start   |   in|    1|  ap_ctrl_hs|  exp_core<32, 32, 66>|  return value|
|ap_done    |  out|    1|  ap_ctrl_hs|  exp_core<32, 32, 66>|  return value|
|ap_idle    |  out|    1|  ap_ctrl_hs|  exp_core<32, 32, 66>|  return value|
|ap_ready   |  out|    1|  ap_ctrl_hs|  exp_core<32, 32, 66>|  return value|
|ap_return  |  out|   31|  ap_ctrl_hs|  exp_core<32, 32, 66>|  return value|
|x_val      |   in|   35|     ap_none|                 x_val|        scalar|
+-----------+-----+-----+------------+----------------------+--------------+

