

================================================================
== Vitis HLS Report for 'input_layer'
================================================================
* Date:           Tue Nov 26 16:00:54 2024

* Version:        2023.1.1 (Build 3869133 on Jun 15 2023)
* Project:        RNI
* Solution:       solution1 (Vivado IP Flow Target)
* Product family: zynq
* Target device:  xc7z020-clg400-1


================================================================
== Performance Estimates
================================================================
+ Timing: 
    * Summary: 
    +--------+----------+----------+------------+
    |  Clock |  Target  | Estimated| Uncertainty|
    +--------+----------+----------+------------+
    |ap_clk  |  10.00 ns|  7.077 ns|     2.70 ns|
    +--------+----------+----------+------------+

+ Latency: 
    * Summary: 
    +---------+---------+-----------+-----------+------+---------+---------+
    |  Latency (cycles) |   Latency (absolute)  |    Interval    | Pipeline|
    |   min   |   max   |    min    |    max    |  min |   max   |   Type  |
    +---------+---------+-----------+-----------+------+---------+---------+
    |     1281|  8390657|  12.810 us|  83.907 ms|  1281|  8390657|       no|
    +---------+---------+-----------+-----------+------+---------+---------+

    + Detail: 
        * Instance: 
        +------------------------------------------------+-------------------------------------+---------+---------+-----------+----------+-----+-------+---------+
        |                                                |                                     |  Latency (cycles) |  Latency (absolute)  |   Interval  | Pipeline|
        |                    Instance                    |                Module               |   min   |   max   |    min    |    max   | min |  max  |   Type  |
        +------------------------------------------------+-------------------------------------+---------+---------+-----------+----------+-----+-------+---------+
        |grp_input_layer_Pipeline_WEIGHTS_LOOP_0_fu_179  |input_layer_Pipeline_WEIGHTS_LOOP_0  |        2|    65541|  20.000 ns|  0.655 ms|    2|  65541|       no|
        +------------------------------------------------+-------------------------------------+---------+---------+-----------+----------+-----+-------+---------+

        * Loop: 
        +------------------+---------+---------+------------+-----------+-----------+------+----------+
        |                  |  Latency (cycles) |  Iteration |  Initiation Interval  | Trip |          |
        |     Loop Name    |   min   |   max   |   Latency  |  achieved |   target  | Count| Pipelined|
        +------------------+---------+---------+------------+-----------+-----------+------+----------+
        |- NEURONS_LOOP_0  |     1280|  8390656|  10 ~ 65552|          -|          -|   128|        no|
        +------------------+---------+---------+------------+-----------+-----------+------+----------+



================================================================
== Utilization Estimates
================================================================
* Summary: 
+-----------------+---------+-----+--------+-------+-----+
|       Name      | BRAM_18K| DSP |   FF   |  LUT  | URAM|
+-----------------+---------+-----+--------+-------+-----+
|DSP              |        -|    -|       -|      -|    -|
|Expression       |        -|    -|       0|    233|    -|
|FIFO             |        -|    -|       -|      -|    -|
|Instance         |        8|    3|     449|    482|    -|
|Memory           |        2|    -|       0|      0|    -|
|Multiplexer      |        -|    -|       -|    137|    -|
|Register         |        -|    -|     210|      -|    -|
+-----------------+---------+-----+--------+-------+-----+
|Total            |       10|    3|     659|    852|    0|
+-----------------+---------+-----+--------+-------+-----+
|Available        |      280|  220|  106400|  53200|    0|
+-----------------+---------+-----+--------+-------+-----+
|Utilization (%)  |        3|    1|      ~0|      1|    0|
+-----------------+---------+-----+--------+-------+-----+

+ Detail: 
    * Instance: 
    +------------------------------------------------+-------------------------------------+---------+----+-----+-----+-----+
    |                    Instance                    |                Module               | BRAM_18K| DSP|  FF | LUT | URAM|
    +------------------------------------------------+-------------------------------------+---------+----+-----+-----+-----+
    |grp_input_layer_Pipeline_WEIGHTS_LOOP_0_fu_179  |input_layer_Pipeline_WEIGHTS_LOOP_0  |        8|   2|  449|  476|    0|
    |mul_16s_17ns_33_1_1_U52                         |mul_16s_17ns_33_1_1                  |        0|   1|    0|    6|    0|
    +------------------------------------------------+-------------------------------------+---------+----+-----+-----+-----+
    |Total                                           |                                     |        8|   3|  449|  482|    0|
    +------------------------------------------------+-------------------------------------+---------+----+-----+-----+-----+

    * DSP: 
    N/A

    * Memory: 
    +-----------------+---------------------------------------+---------+---+----+-----+------+-----+------+-------------+
    |      Memory     |                 Module                | BRAM_18K| FF| LUT| URAM| Words| Bits| Banks| W*Bits*Banks|
    +-----------------+---------------------------------------+---------+---+----+-----+------+-----+------+-------------+
    |BIASES_U         |input_layer_BIASES_ROM_AUTO_1R         |        1|  0|   0|    0|   243|    8|     1|         1944|
    |WEIGHTS_INDEX_U  |input_layer_WEIGHTS_INDEX_ROM_AUTO_1R  |        1|  0|   0|    0|   244|   14|     1|         3416|
    +-----------------+---------------------------------------+---------+---+----+-----+------+-----+------+-------------+
    |Total            |                                       |        2|  0|   0|    0|   487|   22|     2|         5360|
    +-----------------+---------------------------------------+---------+---+----+-----+------+-----+------+-------------+

    * FIFO: 
    N/A

    * Expression: 
    +-----------------------------+----------+----+---+----+------------+------------+
    |        Variable Name        | Operation| DSP| FF| LUT| Bitwidth P0| Bitwidth P1|
    +-----------------------------+----------+----+---+----+------------+------------+
    |add_i_i70_fu_485_p2          |         +|   0|  0|  15|           8|           1|
    |add_ln64_fu_210_p2           |         +|   0|  0|  15|           8|           1|
    |add_ln67_1_fu_435_p2         |         +|   0|  0|  23|          16|          16|
    |add_ln67_fu_421_p2           |         +|   0|  0|  24|          17|          17|
    |leaked_membrane_1_fu_275_p2  |         +|   0|  0|  23|          16|          16|
    |and_ln171_1_fu_334_p2        |       and|   0|  0|   2|           1|           1|
    |and_ln171_2_fu_339_p2        |       and|   0|  0|   2|           1|           1|
    |and_ln171_3_fu_361_p2        |       and|   0|  0|   2|           1|           1|
    |and_ln171_4_fu_367_p2        |       and|   0|  0|   2|           1|           1|
    |and_ln171_5_fu_385_p2        |       and|   0|  0|   2|           1|           1|
    |and_ln171_fu_294_p2          |       and|   0|  0|   2|           1|           1|
    |and_ln67_1_fu_467_p2         |       and|   0|  0|   2|           1|           1|
    |and_ln67_fu_455_p2           |       and|   0|  0|   2|           1|           1|
    |icmp_ln178_fu_507_p2         |      icmp|   0|  0|  23|          16|           7|
    |icmp_ln64_fu_204_p2          |      icmp|   0|  0|  14|           8|           9|
    |icmp_ln69_fu_496_p2          |      icmp|   0|  0|  17|          14|          14|
    |or_ln171_1_fu_398_p2         |        or|   0|  0|   2|           1|           1|
    |or_ln171_2_fu_304_p2         |        or|   0|  0|   2|           1|           1|
    |or_ln171_3_fu_373_p2         |        or|   0|  0|   2|           1|           1|
    |or_ln171_4_fu_328_p2         |        or|   0|  0|   2|           1|           1|
    |or_ln171_fu_350_p2           |        or|   0|  0|   2|           1|           1|
    |leaked_membrane_2_fu_404_p3  |    select|   0|  0|  16|           1|          16|
    |select_ln171_fu_390_p3       |    select|   0|  0|  17|           1|          15|
    |xor_ln171_1_fu_299_p2        |       xor|   0|  0|   2|           1|           2|
    |xor_ln171_2_fu_344_p2        |       xor|   0|  0|   2|           1|           2|
    |xor_ln171_3_fu_356_p2        |       xor|   0|  0|   2|           1|           2|
    |xor_ln171_4_fu_310_p2        |       xor|   0|  0|   2|           1|           1|
    |xor_ln171_5_fu_379_p2        |       xor|   0|  0|   2|           1|           2|
    |xor_ln171_6_fu_322_p2        |       xor|   0|  0|   2|           1|           2|
    |xor_ln171_fu_288_p2          |       xor|   0|  0|   2|           1|           2|
    |xor_ln67_1_fu_461_p2         |       xor|   0|  0|   2|           1|           2|
    |xor_ln67_2_fu_473_p2         |       xor|   0|  0|   2|           1|           1|
    |xor_ln67_fu_449_p2           |       xor|   0|  0|   2|           1|           2|
    +-----------------------------+----------+----+---+----+------------+------------+
    |Total                        |          |   0|  0| 233|         128|         143|
    +-----------------------------+----------+----+---+----+------------+------------+

    * Multiplexer: 
    +-----------------------------------+----+-----------+-----+-----------+
    |                Name               | LUT| Input Size| Bits| Total Bits|
    +-----------------------------------+----+-----------+-----+-----------+
    |NEURONS_MEMBRANE_address0          |  14|          3|    8|         24|
    |NEURONS_MEMBRANE_d0                |  31|          6|   16|         96|
    |ap_NS_fsm                          |  65|         13|    1|         13|
    |ap_phi_mux_empty_28_phi_fu_173_p4  |   9|          2|   16|         32|
    |empty_28_reg_170                   |   9|          2|   16|         32|
    |neuron_index_fu_70                 |   9|          2|    8|         16|
    +-----------------------------------+----+-----------+-----+-----------+
    |Total                              | 137|         28|   65|        213|
    +-----------------------------------+----+-----------+-----+-----------+

    * Register: 
    +-------------------------------------------------------------+----+----+-----+-----------+
    |                             Name                            | FF | LUT| Bits| Const Bits|
    +-------------------------------------------------------------+----+----+-----+-----------+
    |BIASES_load_reg_623                                          |   8|   0|    8|          0|
    |NEURONS_MEMBRANE_addr_reg_568                                |   8|   0|    8|          0|
    |NEURONS_MEMBRANE_load_1_reg_670                              |  16|   0|   16|          0|
    |NEURONS_MEMBRANE_load_reg_573                                |  16|   0|   16|          0|
    |WEIGHTS_INDEX_load_reg_661                                   |  14|   0|   14|          0|
    |add_ln64_reg_556                                             |   8|   0|    8|          0|
    |and_ln67_1_reg_633                                           |   1|   0|    1|          0|
    |and_ln67_reg_629                                             |   1|   0|    1|          0|
    |ap_CS_fsm                                                    |  12|   0|   12|          0|
    |empty_28_reg_170                                             |  16|   0|   16|          0|
    |empty_reg_641                                                |   7|   0|    7|          0|
    |grp_input_layer_Pipeline_WEIGHTS_LOOP_0_fu_179_ap_start_reg  |   1|   0|    1|          0|
    |icmp_ln178_reg_676                                           |   1|   0|    1|          0|
    |icmp_ln69_reg_666                                            |   1|   0|    1|          0|
    |leaked_membrane_2_reg_617                                    |  16|   0|   16|          0|
    |leaked_membrane_reg_589                                      |  16|   0|   16|          0|
    |mul_ln171_reg_578                                            |  33|   0|   33|          0|
    |neuron_index_fu_70                                           |   8|   0|    8|          0|
    |tmp_2_reg_594                                                |   1|   0|    1|          0|
    |tmp_3_reg_600                                                |   1|   0|    1|          0|
    |tmp_5_reg_605                                                |   1|   0|    1|          0|
    |tmp_reg_583                                                  |   1|   0|    1|          0|
    |weight_index_reg_656                                         |  14|   0|   14|          0|
    |xor_ln67_2_reg_637                                           |   1|   0|    1|          0|
    |zext_ln64_reg_561                                            |   8|   0|   64|         56|
    +-------------------------------------------------------------+----+----+-----+-----------+
    |Total                                                        | 210|   0|  266|         56|
    +-------------------------------------------------------------+----+----+-----+-----------+



================================================================
== Interface
================================================================
* Summary: 
+---------------------------+-----+-----+------------+------------------+--------------+
|         RTL Ports         | Dir | Bits|  Protocol  |   Source Object  |    C Type    |
+---------------------------+-----+-----+------------+------------------+--------------+
|ap_clk                     |   in|    1|  ap_ctrl_hs|       input_layer|  return value|
|ap_rst                     |   in|    1|  ap_ctrl_hs|       input_layer|  return value|
|ap_start                   |   in|    1|  ap_ctrl_hs|       input_layer|  return value|
|ap_done                    |  out|    1|  ap_ctrl_hs|       input_layer|  return value|
|ap_idle                    |  out|    1|  ap_ctrl_hs|       input_layer|  return value|
|ap_ready                   |  out|    1|  ap_ctrl_hs|       input_layer|  return value|
|p_read                     |   in|   32|     ap_none|            p_read|        scalar|
|p_read1                    |   in|   32|     ap_none|           p_read1|        scalar|
|p_read2                    |   in|   32|     ap_none|           p_read2|        scalar|
|p_read3                    |   in|   32|     ap_none|           p_read3|        scalar|
|NEURONS_MEMBRANE_address0  |  out|    8|   ap_memory|  NEURONS_MEMBRANE|         array|
|NEURONS_MEMBRANE_ce0       |  out|    1|   ap_memory|  NEURONS_MEMBRANE|         array|
|NEURONS_MEMBRANE_we0       |  out|    1|   ap_memory|  NEURONS_MEMBRANE|         array|
|NEURONS_MEMBRANE_d0        |  out|   16|   ap_memory|  NEURONS_MEMBRANE|         array|
|NEURONS_MEMBRANE_q0        |   in|   16|   ap_memory|  NEURONS_MEMBRANE|         array|
|NEURONS_STATE_address0     |  out|    8|   ap_memory|     NEURONS_STATE|         array|
|NEURONS_STATE_ce0          |  out|    1|   ap_memory|     NEURONS_STATE|         array|
|NEURONS_STATE_we0          |  out|    1|   ap_memory|     NEURONS_STATE|         array|
|NEURONS_STATE_d0           |  out|    1|   ap_memory|     NEURONS_STATE|         array|
+---------------------------+-----+-----+------------+------------------+--------------+

