

================================================================
== Vitis HLS Report for 'RNI_func'
================================================================
* Date:           Thu Mar 28 01:32:07 2024

* Version:        2023.1.1 (Build 3869133 on Jun 15 2023)
* Project:        RNI
* Solution:       solution1 (Vivado IP Flow Target)
* Product family: zynq
* Target device:  xc7z020-clg400-1


================================================================
== Performance Estimates
================================================================
+ Timing: 
    * Summary: 
    +--------+----------+----------+------------+
    |  Clock |  Target  | Estimated| Uncertainty|
    +--------+----------+----------+------------+
    |ap_clk  |  10.00 ns|      0 ns|     2.70 ns|
    +--------+----------+----------+------------+

+ Latency: 
    * Summary: 
    +---------+---------+----------+----------+-----+-----+---------+
    |  Latency (cycles) |  Latency (absolute) |  Interval | Pipeline|
    |   min   |   max   |    min   |    max   | min | max |   Type  |
    +---------+---------+----------+----------+-----+-----+---------+
    |        ?|        ?|         ?|         ?|    ?|    ?|       no|
    +---------+---------+----------+----------+-----+-----+---------+

    + Detail: 
        * Instance: 
        N/A

        * Loop: 
        +-------------+---------+---------+----------+-----------+-----------+------+----------+
        |             |  Latency (cycles) | Iteration|  Initiation Interval  | Trip |          |
        |  Loop Name  |   min   |   max   |  Latency |  achieved |   target  | Count| Pipelined|
        +-------------+---------+---------+----------+-----------+-----------+------+----------+
        |- main_loop  |        ?|        ?|         2|          1|          1|     ?|       yes|
        +-------------+---------+---------+----------+-----------+-----------+------+----------+



================================================================
== Utilization Estimates
================================================================
* Summary: 
+-----------------+---------+-----+--------+-------+-----+
|       Name      | BRAM_18K| DSP |   FF   |  LUT  | URAM|
+-----------------+---------+-----+--------+-------+-----+
|DSP              |        -|    -|       -|      -|    -|
|Expression       |        -|    -|       0|      8|    -|
|FIFO             |        -|    -|       -|      -|    -|
|Instance         |        0|    -|      36|     40|    -|
|Memory           |        -|    -|       -|      -|    -|
|Multiplexer      |        -|    -|       -|     36|    -|
|Register         |        -|    -|       4|      -|    -|
+-----------------+---------+-----+--------+-------+-----+
|Total            |        0|    0|      40|     84|    0|
+-----------------+---------+-----+--------+-------+-----+
|Available        |      280|  220|  106400|  53200|    0|
+-----------------+---------+-----+--------+-------+-----+
|Utilization (%)  |        0|    0|      ~0|     ~0|    0|
+-----------------+---------+-----+--------+-------+-----+

+ Detail: 
    * Instance: 
    +-----------------+---------------+---------+----+----+----+-----+
    |     Instance    |     Module    | BRAM_18K| DSP| FF | LUT| URAM|
    +-----------------+---------------+---------+----+----+----+-----+
    |control_s_axi_U  |control_s_axi  |        0|   0|  36|  40|    0|
    +-----------------+---------------+---------+----+----+----+-----+
    |Total            |               |        0|   0|  36|  40|    0|
    +-----------------+---------------+---------+----+----+----+-----+

    * DSP: 
    N/A

    * Memory: 
    N/A

    * FIFO: 
    N/A

    * Expression: 
    +----------------------------------+----------+----+---+----+------------+------------+
    |           Variable Name          | Operation| DSP| FF| LUT| Bitwidth P0| Bitwidth P1|
    +----------------------------------+----------+----+---+----+------------+------------+
    |ap_block_pp0_stage0_01001         |        or|   0|  0|   2|           1|           1|
    |ap_block_state1_pp0_stage0_iter0  |        or|   0|  0|   2|           1|           1|
    |ap_block_state2_pp0_stage0_iter1  |        or|   0|  0|   2|           1|           1|
    |ap_enable_pp0                     |       xor|   0|  0|   2|           1|           2|
    +----------------------------------+----------+----+---+----+------------+------------+
    |Total                             |          |   0|  0|   8|           4|           5|
    +----------------------------------+----------+----+---+----+------------+------------+

    * Multiplexer: 
    +----------------------------------+----+-----------+-----+-----------+
    |               Name               | LUT| Input Size| Bits| Total Bits|
    +----------------------------------+----+-----------+-----+-----------+
    |ap_done_int                       |   9|          2|    1|          2|
    |ap_loop_exit_ready_pp0_iter1_reg  |   9|          2|    1|          2|
    |input_stream_TDATA_blk_n          |   9|          2|    1|          2|
    |output_stream_TDATA_blk_n         |   9|          2|    1|          2|
    +----------------------------------+----+-----------+-----+-----------+
    |Total                             |  36|          8|    4|          8|
    +----------------------------------+----+-----------+-----+-----------+

    * Register: 
    +----------------------------------+---+----+-----+-----------+
    |               Name               | FF| LUT| Bits| Const Bits|
    +----------------------------------+---+----+-----+-----------+
    |ap_CS_fsm                         |  1|   0|    1|          0|
    |ap_done_reg                       |  1|   0|    1|          0|
    |ap_enable_reg_pp0_iter1           |  1|   0|    1|          0|
    |ap_loop_exit_ready_pp0_iter1_reg  |  1|   0|    1|          0|
    +----------------------------------+---+----+-----+-----------+
    |Total                             |  4|   0|    4|          0|
    +----------------------------------+---+----+-----+-----------+



================================================================
== Interface
================================================================
* Summary: 
+-----------------------+-----+-----+------------+------------------------+--------------+
|       RTL Ports       | Dir | Bits|  Protocol  |      Source Object     |    C Type    |
+-----------------------+-----+-----+------------+------------------------+--------------+
|s_axi_control_AWVALID  |   in|    1|       s_axi|                 control|   return void|
|s_axi_control_AWREADY  |  out|    1|       s_axi|                 control|   return void|
|s_axi_control_AWADDR   |   in|    4|       s_axi|                 control|   return void|
|s_axi_control_WVALID   |   in|    1|       s_axi|                 control|   return void|
|s_axi_control_WREADY   |  out|    1|       s_axi|                 control|   return void|
|s_axi_control_WDATA    |   in|   32|       s_axi|                 control|   return void|
|s_axi_control_WSTRB    |   in|    4|       s_axi|                 control|   return void|
|s_axi_control_ARVALID  |   in|    1|       s_axi|                 control|   return void|
|s_axi_control_ARREADY  |  out|    1|       s_axi|                 control|   return void|
|s_axi_control_ARADDR   |   in|    4|       s_axi|                 control|   return void|
|s_axi_control_RVALID   |  out|    1|       s_axi|                 control|   return void|
|s_axi_control_RREADY   |   in|    1|       s_axi|                 control|   return void|
|s_axi_control_RDATA    |  out|   32|       s_axi|                 control|   return void|
|s_axi_control_RRESP    |  out|    2|       s_axi|                 control|   return void|
|s_axi_control_BVALID   |  out|    1|       s_axi|                 control|   return void|
|s_axi_control_BREADY   |   in|    1|       s_axi|                 control|   return void|
|s_axi_control_BRESP    |  out|    2|       s_axi|                 control|   return void|
|ap_clk                 |   in|    1|  ap_ctrl_hs|                RNI_func|  return value|
|ap_rst_n               |   in|    1|  ap_ctrl_hs|                RNI_func|  return value|
|interrupt              |  out|    1|  ap_ctrl_hs|                RNI_func|  return value|
|input_stream_TVALID    |   in|    1|        axis|   input_stream_V_dest_V|       pointer|
|input_stream_TREADY    |  out|    1|        axis|   input_stream_V_dest_V|       pointer|
|input_stream_TDEST     |   in|    6|        axis|   input_stream_V_dest_V|       pointer|
|output_stream_TREADY   |   in|    1|        axis|  output_stream_V_dest_V|       pointer|
|output_stream_TVALID   |  out|    1|        axis|  output_stream_V_dest_V|       pointer|
|output_stream_TDEST    |  out|    6|        axis|  output_stream_V_dest_V|       pointer|
|input_stream_TDATA     |   in|   32|        axis|   input_stream_V_data_V|       pointer|
|input_stream_TKEEP     |   in|    4|        axis|   input_stream_V_keep_V|       pointer|
|input_stream_TSTRB     |   in|    4|        axis|   input_stream_V_strb_V|       pointer|
|input_stream_TUSER     |   in|    2|        axis|   input_stream_V_user_V|       pointer|
|input_stream_TLAST     |   in|    1|        axis|   input_stream_V_last_V|       pointer|
|input_stream_TID       |   in|    5|        axis|     input_stream_V_id_V|       pointer|
|output_stream_TDATA    |  out|   32|        axis|  output_stream_V_data_V|       pointer|
|output_stream_TKEEP    |  out|    4|        axis|  output_stream_V_keep_V|       pointer|
|output_stream_TSTRB    |  out|    4|        axis|  output_stream_V_strb_V|       pointer|
|output_stream_TUSER    |  out|    2|        axis|  output_stream_V_user_V|       pointer|
|output_stream_TLAST    |  out|    1|        axis|  output_stream_V_last_V|       pointer|
|output_stream_TID      |  out|    5|        axis|    output_stream_V_id_V|       pointer|
+-----------------------+-----+-----+------------+------------------------+--------------+

