#-----------------------------------------------------------
# Vivado v2023.1.1 (64-bit)
# SW Build 3900603 on Fri Jun 16 19:30:25 MDT 2023
# IP Build 3900379 on Sat Jun 17 05:28:05 MDT 2023
# SharedData Build 3899622 on Fri Jun 16 03:34:24 MDT 2023
# Start of session at: Mon Oct 28 19:41:19 2024
# Process ID: 113116
# Current directory: /home/mohr0901/Documents/PMC/C_RNI_VIVADO/Pynq_Z2/base/myproj/project_1.runs/base_rst_ps7_0_fclk3_0_synth_1
# Command line: vivado -log base_rst_ps7_0_fclk3_0.vds -product Vivado -mode batch -messageDb vivado.pb -notrace -source base_rst_ps7_0_fclk3_0.tcl
# Log file: /home/mohr0901/Documents/PMC/C_RNI_VIVADO/Pynq_Z2/base/myproj/project_1.runs/base_rst_ps7_0_fclk3_0_synth_1/base_rst_ps7_0_fclk3_0.vds
# Journal file: /home/mohr0901/Documents/PMC/C_RNI_VIVADO/Pynq_Z2/base/myproj/project_1.runs/base_rst_ps7_0_fclk3_0_synth_1/vivado.jou
# Running On: GRAMS-NSOC, OS: Linux, CPU Frequency: 3880.011 MHz, CPU Physical cores: 4, Host memory: 16721 MB
#-----------------------------------------------------------
source base_rst_ps7_0_fclk3_0.tcl -notrace
