================================================================
== Design Size Report
================================================================

* Instructions per Function for each Compilation Phase
+-----------------+--------------+-----------------+---------------+----------------------+---------------+
| Function        | Location     | Compile/Link    | Unroll/Inline | Performance/Pipeline | Optimizations |
+-----------------+--------------+-----------------+---------------+----------------------+---------------+
| + RNI           | RNI_2.cpp:12 | 3,770           | 508           | 363                  | 403           |
|    input_layer  | RNI_2.cpp:49 |   221           |  45           |                      |               |
|    inner_layer  | RNI_2.cpp:65 | 2,184 (2 calls) | 264 (2 calls) | 168 (2 calls)        | 178 (2 calls) |
|    output_layer | RNI_2.cpp:89 |   294           |  60           |                      |               |
+-----------------+--------------+-----------------+---------------+----------------------+---------------+

* Description of Compilation Phases
+----------------------+------------------------------------------------------------+
| Compilation Phase    | Description                                                |
+----------------------+------------------------------------------------------------+
| Compile/Link         | All functions are compiled and linked into a single design |
| Unroll/Inline        | After user unroll and inline pragmas are applied           |
| Performance/Pipeline | After performance and pipeline pragmas are applied         |
| Optimizations        | After high level synthesis optimizations                   |
+----------------------+------------------------------------------------------------+

* Design Size Message Settings
+---------------------------------------------+--------+------------------------------------------------------------------+
| Message Setting                             | Value  | Description                                                      |
+---------------------------------------------+--------+------------------------------------------------------------------+
| config_compile -design_size_maximum_warning | 100000 | Show a warning when total design instructions exceeds this value |
+---------------------------------------------+--------+------------------------------------------------------------------+


